12:57:55 **** Build of configuration Debug for project 03_Pheripheral_Clock Configuration ****
make -j16 all 
arm-none-eabi-gcc -mcpu=cortex-m4 -g3 -DDEBUG -c -x assembler-with-cpp -MMD -MP -MF"Startup/startup_stm32f446retx.d" -MT"Startup/startup_stm32f446retx.o" --specs=nano.specs -mfloat-abi=soft -mthumb -o "Startup/startup_stm32f446retx.o" "../Startup/startup_stm32f446retx.s"
arm-none-eabi-gcc "../Src/main.c" -mcpu=cortex-m4 -std=gnu11 -g3 -DDEBUG -DSTM32 -DSTM32F4 -DSTM32F446RETx -DNUCLEO_F446RE -c -I../Inc -O0 -ffunction-sections -fdata-sections -Wall -fstack-usage -fcyclomatic-complexity -MMD -MP -MF"Src/main.d" -MT"Src/main.o" --specs=nano.specs -mfloat-abi=soft -mthumb -o "Src/main.o"
arm-none-eabi-gcc "../Src/syscalls.c" -mcpu=cortex-m4 -std=gnu11 -g3 -DDEBUG -DSTM32 -DSTM32F4 -DSTM32F446RETx -DNUCLEO_F446RE -c -I../Inc -O0 -ffunction-sections -fdata-sections -Wall -fstack-usage -fcyclomatic-complexity -MMD -MP -MF"Src/syscalls.d" -MT"Src/syscalls.o" --specs=nano.specs -mfloat-abi=soft -mthumb -o "Src/syscalls.o"
arm-none-eabi-gcc "../Src/sysmem.c" -mcpu=cortex-m4 -std=gnu11 -g3 -DDEBUG -DSTM32 -DSTM32F4 -DSTM32F446RETx -DNUCLEO_F446RE -c -I../Inc -O0 -ffunction-sections -fdata-sections -Wall -fstack-usage -fcyclomatic-complexity -MMD -MP -MF"Src/sysmem.d" -MT"Src/sysmem.o" --specs=nano.specs -mfloat-abi=soft -mthumb -o "Src/sysmem.o"
arm-none-eabi-gcc -o "03_Pheripheral_Clock Configuration.elf" @"objects.list"   -mcpu=cortex-m4 -T"D:\MCU1_Driver_Development\3 Pheriphral Clock Configuration\03_Pheripheral_Clock Configuration\STM32F446RETX_FLASH.ld" --specs=nosys.specs -Wl,-Map="03_Pheripheral_Clock Configuration.map" -Wl,--gc-sections -static --specs=nano.specs -mfloat-abi=soft -mthumb -Wl,--start-group -lc -lm -Wl,--end-group
Finished building target: 03_Pheripheral_Clock Configuration.elf
 
arm-none-eabi-size  03_Pheripheral_Clock\ Configuration.elf 
arm-none-eabi-objdump -h -S 03_Pheripheral_Clock\ Configuration.elf  > "03_Pheripheral_Clock Configuration.list"
   text	   data	    bss	    dec	    hex	filename
    756	      0	   1568	   2324	    914	03_Pheripheral_Clock Configuration.elf
Finished building: default.size.stdout
 
Finished building: 03_Pheripheral_Clock Configuration.list
 

12:57:56 Build Finished. 0 errors, 0 warnings. (took 651ms)

