13:57:58 **** Incremental Build of configuration Debug for project 05_HSE_Measurement ****
make -j16 all 
arm-none-eabi-gcc "../Src/syscalls.c" -mcpu=cortex-m4 -std=gnu11 -g3 -DDEBUG -DSTM32 -DSTM32F4 -DSTM32F446RETx -DNUCLEO_F446RE -c -I../Inc -O0 -ffunction-sections -fdata-sections -Wall -fstack-usage -fcyclomatic-complexity -MMD -MP -MF"Src/syscalls.d" -MT"Src/syscalls.o" --specs=nano.specs -mfloat-abi=soft -mthumb -o "Src/syscalls.o"
arm-none-eabi-gcc -o "05_HSE_Measurement.elf" @"objects.list"   -mcpu=cortex-m4 -T"D:\MCU1_Driver_Development\5 HSE Measurement\STM32F446RETX_FLASH.ld" --specs=nosys.specs -Wl,-Map="05_HSE_Measurement.map" -Wl,--gc-sections -static --specs=nano.specs -mfloat-abi=soft -mthumb -Wl,--start-group -lc -lm -Wl,--end-group
Finished building target: 05_HSE_Measurement.elf
 
arm-none-eabi-size  05_HSE_Measurement.elf 
arm-none-eabi-objdump -h -S 05_HSE_Measurement.elf  > "05_HSE_Measurement.list"
   text	   data	    bss	    dec	    hex	filename
    876	      0	   1568	   2444	    98c	05_HSE_Measurement.elf
Finished building: default.size.stdout
 
Finished building: 05_HSE_Measurement.list
 

13:57:59 Build Finished. 0 errors, 0 warnings. (took 1s.223ms)

