13:55:18 **** Clean-only build of configuration Debug for project 05_HSE_Measurement ****
make -j16 clean 
rm -rf ./Startup/startup_stm32f446retx.d ./Startup/startup_stm32f446retx.o
rm -rf ./Src/main.cyclo ./Src/main.d ./Src/main.o ./Src/main.su ./Src/syscalls.cyclo ./Src/syscalls.d ./Src/syscalls.o ./Src/syscalls.su ./Src/sysmem.cyclo ./Src/sysmem.d ./Src/sysmem.o ./Src/sysmem.su
rm -rf 05_HSE_Measurement.elf 05_HSE_Measurement.list 05_HSE_Measurement.map default.size.stdout
 
13:55:19 **** Build of configuration Debug for project 05_HSE_Measurement ****
make -j16 all 
arm-none-eabi-gcc -mcpu=cortex-m4 -g3 -DDEBUG -c -x assembler-with-cpp -MMD -MP -MF"Startup/startup_stm32f446retx.d" -MT"Startup/startup_stm32f446retx.o" --specs=nano.specs -mfloat-abi=soft -mthumb -o "Startup/startup_stm32f446retx.o" "../Startup/startup_stm32f446retx.s"
arm-none-eabi-gcc "../Src/main.c" -mcpu=cortex-m4 -std=gnu11 -g3 -DDEBUG -DSTM32 -DSTM32F4 -DSTM32F446RETx -DNUCLEO_F446RE -c -I../Inc -O0 -ffunction-sections -fdata-sections -Wall -fstack-usage -fcyclomatic-complexity -MMD -MP -MF"Src/main.d" -MT"Src/main.o" --specs=nano.specs -mfloat-abi=soft -mthumb -o "Src/main.o"
arm-none-eabi-gcc "../Src/syscalls.c" -mcpu=cortex-m4 -std=gnu11 -g3 -DDEBUG -DSTM32 -DSTM32F4 -DSTM32F446RETx -DNUCLEO_F446RE -c -I../Inc -O0 -ffunction-sections -fdata-sections -Wall -fstack-usage -fcyclomatic-complexity -MMD -MP -MF"Src/syscalls.d" -MT"Src/syscalls.o" --specs=nano.specs -mfloat-abi=soft -mthumb -o "Src/syscalls.o"
arm-none-eabi-gcc "../Src/sysmem.c" -mcpu=cortex-m4 -std=gnu11 -g3 -DDEBUG -DSTM32 -DSTM32F4 -DSTM32F446RETx -DNUCLEO_F446RE -c -I../Inc -O0 -ffunction-sections -fdata-sections -Wall -fstack-usage -fcyclomatic-complexity -MMD -MP -MF"Src/sysmem.d" -MT"Src/sysmem.o" --specs=nano.specs -mfloat-abi=soft -mthumb -o "Src/sysmem.o"
arm-none-eabi-gcc -o "05_HSE_Measurement.elf" @"objects.list"   -mcpu=cortex-m4 -T"D:\MCU1_Driver_Development\5 HSE Measurement\STM32F446RETX_FLASH.ld" --specs=nosys.specs -Wl,-Map="05_HSE_Measurement.map" -Wl,--gc-sections -static --specs=nano.specs -mfloat-abi=soft -mthumb -Wl,--start-group -lc -lm -Wl,--end-group
Finished building target: 05_HSE_Measurement.elf
 
arm-none-eabi-size  05_HSE_Measurement.elf 
arm-none-eabi-objdump -h -S 05_HSE_Measurement.elf  > "05_HSE_Measurement.list"
   text	   data	    bss	    dec	    hex	filename
    876	      0	   1568	   2444	    98c	05_HSE_Measurement.elf
Finished building: default.size.stdout
 
Finished building: 05_HSE_Measurement.list
 
13:57:58 **** Incremental Build of configuration Debug for project 05_HSE_Measurement ****
make -j16 all 
arm-none-eabi-gcc "../Src/syscalls.c" -mcpu=cortex-m4 -std=gnu11 -g3 -DDEBUG -DSTM32 -DSTM32F4 -DSTM32F446RETx -DNUCLEO_F446RE -c -I../Inc -O0 -ffunction-sections -fdata-sections -Wall -fstack-usage -fcyclomatic-complexity -MMD -MP -MF"Src/syscalls.d" -MT"Src/syscalls.o" --specs=nano.specs -mfloat-abi=soft -mthumb -o "Src/syscalls.o"
arm-none-eabi-gcc -o "05_HSE_Measurement.elf" @"objects.list"   -mcpu=cortex-m4 -T"D:\MCU1_Driver_Development\5 HSE Measurement\STM32F446RETX_FLASH.ld" --specs=nosys.specs -Wl,-Map="05_HSE_Measurement.map" -Wl,--gc-sections -static --specs=nano.specs -mfloat-abi=soft -mthumb -Wl,--start-group -lc -lm -Wl,--end-group
Finished building target: 05_HSE_Measurement.elf
 
arm-none-eabi-size  05_HSE_Measurement.elf 
arm-none-eabi-objdump -h -S 05_HSE_Measurement.elf  > "05_HSE_Measurement.list"
   text	   data	    bss	    dec	    hex	filename
    876	      0	   1568	   2444	    98c	05_HSE_Measurement.elf
Finished building: default.size.stdout
 
Finished building: 05_HSE_Measurement.list
 
