23:40:45 **** Build of configuration Debug for project 004_PeriClockEnable ****
make -j16 all 
arm-none-eabi-gcc -mcpu=cortex-m4 -g3 -DDEBUG -c -x assembler-with-cpp -MMD -MP -MF"Startup/startup_stm32f446retx.d" -MT"Startup/startup_stm32f446retx.o" --specs=nano.specs -mfloat-abi=soft -mthumb -o "Startup/startup_stm32f446retx.o" "../Startup/startup_stm32f446retx.s"
arm-none-eabi-gcc "../Src/main.c" -mcpu=cortex-m4 -std=gnu11 -g3 -DDEBUG -DSTM32 -DSTM32F4 -DSTM32F446RETx -DNUCLEO_F446RE -c -I../Inc -O0 -ffunction-sections -fdata-sections -Wall -fstack-usage -fcyclomatic-complexity -MMD -MP -MF"Src/main.d" -MT"Src/main.o" --specs=nano.specs -mfloat-abi=soft -mthumb -o "Src/main.o"
arm-none-eabi-gcc "../Src/syscalls.c" -mcpu=cortex-m4 -std=gnu11 -g3 -DDEBUG -DSTM32 -DSTM32F4 -DSTM32F446RETx -DNUCLEO_F446RE -c -I../Inc -O0 -ffunction-sections -fdata-sections -Wall -fstack-usage -fcyclomatic-complexity -MMD -MP -MF"Src/syscalls.d" -MT"Src/syscalls.o" --specs=nano.specs -mfloat-abi=soft -mthumb -o "Src/syscalls.o"
arm-none-eabi-gcc "../Src/sysmem.c" -mcpu=cortex-m4 -std=gnu11 -g3 -DDEBUG -DSTM32 -DSTM32F4 -DSTM32F446RETx -DNUCLEO_F446RE -c -I../Inc -O0 -ffunction-sections -fdata-sections -Wall -fstack-usage -fcyclomatic-complexity -MMD -MP -MF"Src/sysmem.d" -MT"Src/sysmem.o" --specs=nano.specs -mfloat-abi=soft -mthumb -o "Src/sysmem.o"
arm-none-eabi-gcc -o "004_PeriClockEnable.elf" @"objects.list"   -mcpu=cortex-m4 -T"D:\MCU1_Driver_Development\00 GIT HUB RENASANTO REPO\Udemy-Embedded-Course3_Mastering-Microcontroller-and-Embedded-Driver-Development-MCU1-main\Target_Workspace\004_PeriClockEnable\STM32F446RETX_FLASH.ld" --specs=nosys.specs -Wl,-Map="004_PeriClockEnable.map" -Wl,--gc-sections -static --specs=nano.specs -mfloat-abi=soft -mthumb -Wl,--start-group -lc -lm -Wl,--end-group
C:/ST/STM32CubeIDE_1.18.1/STM32CubeIDE/plugins/com.st.stm32cube.ide.mcu.externaltools.gnu-tools-for-stm32.13.3.rel1.win32_1.0.0.202411081344/tools/bin/../lib/gcc/arm-none-eabi/13.3.1/../../../../arm-none-eabi/bin/ld.exe: warning: 004_PeriClockEnable.elf has a LOAD segment with RWX permissions
Finished building target: 004_PeriClockEnable.elf
 
arm-none-eabi-size  004_PeriClockEnable.elf 
arm-none-eabi-objdump -h -S 004_PeriClockEnable.elf  > "004_PeriClockEnable.list"
   text	   data	    bss	    dec	    hex	filename
    748	      8	   1568	   2324	    914	004_PeriClockEnable.elf
Finished building: default.size.stdout
 
Finished building: 004_PeriClockEnable.list
 

23:40:46 Build Finished. 0 errors, 1 warnings. (took 1s.41ms)

