23:41:24 **** Build of configuration Debug for project stm32f4xx_drivers ****
make -j16 all 
arm-none-eabi-gcc "../drivers/Src/stm32f446xx_gpio_driver.c" -mcpu=cortex-m4 -std=gnu11 -g3 -DDEBUG -DSTM32 -DSTM32F4 -DSTM32F446RETx -DNUCLEO_F446RE -c -I../Inc -I"D:/MCU1_Driver_Development/00 GIT HUB RENASANTO REPO/Udemy-Embedded-Course3_Mastering-Microcontroller-and-Embedded-Driver-Development-MCU1-main/Target_Workspace/stm32f4xx_drivers/bsp" -I"D:/MCU1_Driver_Development/00 GIT HUB RENASANTO REPO/Udemy-Embedded-Course3_Mastering-Microcontroller-and-Embedded-Driver-Development-MCU1-main/Target_Workspace/stm32f4xx_drivers/drivers/Inc" -O0 -ffunction-sections -fdata-sections -Wall -fstack-usage -fcyclomatic-complexity -MMD -MP -MF"drivers/Src/stm32f446xx_gpio_driver.d" -MT"drivers/Src/stm32f446xx_gpio_driver.o" --specs=nano.specs -mfloat-abi=soft -mthumb -o "drivers/Src/stm32f446xx_gpio_driver.o"
arm-none-eabi-gcc "../drivers/Src/stm32f446xx_i2c_driver.c" -mcpu=cortex-m4 -std=gnu11 -g3 -DDEBUG -DSTM32 -DSTM32F4 -DSTM32F446RETx -DNUCLEO_F446RE -c -I../Inc -I"D:/MCU1_Driver_Development/00 GIT HUB RENASANTO REPO/Udemy-Embedded-Course3_Mastering-Microcontroller-and-Embedded-Driver-Development-MCU1-main/Target_Workspace/stm32f4xx_drivers/bsp" -I"D:/MCU1_Driver_Development/00 GIT HUB RENASANTO REPO/Udemy-Embedded-Course3_Mastering-Microcontroller-and-Embedded-Driver-Development-MCU1-main/Target_Workspace/stm32f4xx_drivers/drivers/Inc" -O0 -ffunction-sections -fdata-sections -Wall -fstack-usage -fcyclomatic-complexity -MMD -MP -MF"drivers/Src/stm32f446xx_i2c_driver.d" -MT"drivers/Src/stm32f446xx_i2c_driver.o" --specs=nano.specs -mfloat-abi=soft -mthumb -o "drivers/Src/stm32f446xx_i2c_driver.o"
arm-none-eabi-gcc "../drivers/Src/stm32f446xx_spi_driver.c" -mcpu=cortex-m4 -std=gnu11 -g3 -DDEBUG -DSTM32 -DSTM32F4 -DSTM32F446RETx -DNUCLEO_F446RE -c -I../Inc -I"D:/MCU1_Driver_Development/00 GIT HUB RENASANTO REPO/Udemy-Embedded-Course3_Mastering-Microcontroller-and-Embedded-Driver-Development-MCU1-main/Target_Workspace/stm32f4xx_drivers/bsp" -I"D:/MCU1_Driver_Development/00 GIT HUB RENASANTO REPO/Udemy-Embedded-Course3_Mastering-Microcontroller-and-Embedded-Driver-Development-MCU1-main/Target_Workspace/stm32f4xx_drivers/drivers/Inc" -O0 -ffunction-sections -fdata-sections -Wall -fstack-usage -fcyclomatic-complexity -MMD -MP -MF"drivers/Src/stm32f446xx_spi_driver.d" -MT"drivers/Src/stm32f446xx_spi_driver.o" --specs=nano.specs -mfloat-abi=soft -mthumb -o "drivers/Src/stm32f446xx_spi_driver.o"
arm-none-eabi-gcc "../drivers/Src/stm32f446xx_usart_driver.c" -mcpu=cortex-m4 -std=gnu11 -g3 -DDEBUG -DSTM32 -DSTM32F4 -DSTM32F446RETx -DNUCLEO_F446RE -c -I../Inc -I"D:/MCU1_Driver_Development/00 GIT HUB RENASANTO REPO/Udemy-Embedded-Course3_Mastering-Microcontroller-and-Embedded-Driver-Development-MCU1-main/Target_Workspace/stm32f4xx_drivers/bsp" -I"D:/MCU1_Driver_Development/00 GIT HUB RENASANTO REPO/Udemy-Embedded-Course3_Mastering-Microcontroller-and-Embedded-Driver-Development-MCU1-main/Target_Workspace/stm32f4xx_drivers/drivers/Inc" -O0 -ffunction-sections -fdata-sections -Wall -fstack-usage -fcyclomatic-complexity -MMD -MP -MF"drivers/Src/stm32f446xx_usart_driver.d" -MT"drivers/Src/stm32f446xx_usart_driver.o" --specs=nano.specs -mfloat-abi=soft -mthumb -o "drivers/Src/stm32f446xx_usart_driver.o"
arm-none-eabi-gcc "../drivers/Src/stm32f466xx_rcc_driver.c" -mcpu=cortex-m4 -std=gnu11 -g3 -DDEBUG -DSTM32 -DSTM32F4 -DSTM32F446RETx -DNUCLEO_F446RE -c -I../Inc -I"D:/MCU1_Driver_Development/00 GIT HUB RENASANTO REPO/Udemy-Embedded-Course3_Mastering-Microcontroller-and-Embedded-Driver-Development-MCU1-main/Target_Workspace/stm32f4xx_drivers/bsp" -I"D:/MCU1_Driver_Development/00 GIT HUB RENASANTO REPO/Udemy-Embedded-Course3_Mastering-Microcontroller-and-Embedded-Driver-Development-MCU1-main/Target_Workspace/stm32f4xx_drivers/drivers/Inc" -O0 -ffunction-sections -fdata-sections -Wall -fstack-usage -fcyclomatic-complexity -MMD -MP -MF"drivers/Src/stm32f466xx_rcc_driver.d" -MT"drivers/Src/stm32f466xx_rcc_driver.o" --specs=nano.specs -mfloat-abi=soft -mthumb -o "drivers/Src/stm32f466xx_rcc_driver.o"
arm-none-eabi-gcc "../bsp/ds1307.c" -mcpu=cortex-m4 -std=gnu11 -g3 -DDEBUG -DSTM32 -DSTM32F4 -DSTM32F446RETx -DNUCLEO_F446RE -c -I../Inc -I"D:/MCU1_Driver_Development/00 GIT HUB RENASANTO REPO/Udemy-Embedded-Course3_Mastering-Microcontroller-and-Embedded-Driver-Development-MCU1-main/Target_Workspace/stm32f4xx_drivers/bsp" -I"D:/MCU1_Driver_Development/00 GIT HUB RENASANTO REPO/Udemy-Embedded-Course3_Mastering-Microcontroller-and-Embedded-Driver-Development-MCU1-main/Target_Workspace/stm32f4xx_drivers/drivers/Inc" -O0 -ffunction-sections -fdata-sections -Wall -fstack-usage -fcyclomatic-complexity -MMD -MP -MF"bsp/ds1307.d" -MT"bsp/ds1307.o" --specs=nano.specs -mfloat-abi=soft -mthumb -o "bsp/ds1307.o"
arm-none-eabi-gcc "../bsp/lcd.c" -mcpu=cortex-m4 -std=gnu11 -g3 -DDEBUG -DSTM32 -DSTM32F4 -DSTM32F446RETx -DNUCLEO_F446RE -c -I../Inc -I"D:/MCU1_Driver_Development/00 GIT HUB RENASANTO REPO/Udemy-Embedded-Course3_Mastering-Microcontroller-and-Embedded-Driver-Development-MCU1-main/Target_Workspace/stm32f4xx_drivers/bsp" -I"D:/MCU1_Driver_Development/00 GIT HUB RENASANTO REPO/Udemy-Embedded-Course3_Mastering-Microcontroller-and-Embedded-Driver-Development-MCU1-main/Target_Workspace/stm32f4xx_drivers/drivers/Inc" -O0 -ffunction-sections -fdata-sections -Wall -fstack-usage -fcyclomatic-complexity -MMD -MP -MF"bsp/lcd.d" -MT"bsp/lcd.o" --specs=nano.specs -mfloat-abi=soft -mthumb -o "bsp/lcd.o"
arm-none-eabi-gcc -mcpu=cortex-m4 -g3 -DDEBUG -c -x assembler-with-cpp -MMD -MP -MF"Startup/startup_stm32f446retx.d" -MT"Startup/startup_stm32f446retx.o" --specs=nano.specs -mfloat-abi=soft -mthumb -o "Startup/startup_stm32f446retx.o" "../Startup/startup_stm32f446retx.s"
arm-none-eabi-gcc "../Src/001_Led_Toggle_PushPullCfg.c" -mcpu=cortex-m4 -std=gnu11 -g3 -DDEBUG -DSTM32 -DSTM32F4 -DSTM32F446RETx -DNUCLEO_F446RE -c -I../Inc -I"D:/MCU1_Driver_Development/00 GIT HUB RENASANTO REPO/Udemy-Embedded-Course3_Mastering-Microcontroller-and-Embedded-Driver-Development-MCU1-main/Target_Workspace/stm32f4xx_drivers/bsp" -I"D:/MCU1_Driver_Development/00 GIT HUB RENASANTO REPO/Udemy-Embedded-Course3_Mastering-Microcontroller-and-Embedded-Driver-Development-MCU1-main/Target_Workspace/stm32f4xx_drivers/drivers/Inc" -O0 -ffunction-sections -fdata-sections -Wall -fstack-usage -fcyclomatic-complexity -MMD -MP -MF"Src/001_Led_Toggle_PushPullCfg.d" -MT"Src/001_Led_Toggle_PushPullCfg.o" --specs=nano.specs -mfloat-abi=soft -mthumb -o "Src/001_Led_Toggle_PushPullCfg.o"
arm-none-eabi-gcc "../Src/syscalls.c" -mcpu=cortex-m4 -std=gnu11 -g3 -DDEBUG -DSTM32 -DSTM32F4 -DSTM32F446RETx -DNUCLEO_F446RE -c -I../Inc -I"D:/MCU1_Driver_Development/00 GIT HUB RENASANTO REPO/Udemy-Embedded-Course3_Mastering-Microcontroller-and-Embedded-Driver-Development-MCU1-main/Target_Workspace/stm32f4xx_drivers/bsp" -I"D:/MCU1_Driver_Development/00 GIT HUB RENASANTO REPO/Udemy-Embedded-Course3_Mastering-Microcontroller-and-Embedded-Driver-Development-MCU1-main/Target_Workspace/stm32f4xx_drivers/drivers/Inc" -O0 -ffunction-sections -fdata-sections -Wall -fstack-usage -fcyclomatic-complexity -MMD -MP -MF"Src/syscalls.d" -MT"Src/syscalls.o" --specs=nano.specs -mfloat-abi=soft -mthumb -o "Src/syscalls.o"
arm-none-eabi-gcc "../Src/sysmem.c" -mcpu=cortex-m4 -std=gnu11 -g3 -DDEBUG -DSTM32 -DSTM32F4 -DSTM32F446RETx -DNUCLEO_F446RE -c -I../Inc -I"D:/MCU1_Driver_Development/00 GIT HUB RENASANTO REPO/Udemy-Embedded-Course3_Mastering-Microcontroller-and-Embedded-Driver-Development-MCU1-main/Target_Workspace/stm32f4xx_drivers/bsp" -I"D:/MCU1_Driver_Development/00 GIT HUB RENASANTO REPO/Udemy-Embedded-Course3_Mastering-Microcontroller-and-Embedded-Driver-Development-MCU1-main/Target_Workspace/stm32f4xx_drivers/drivers/Inc" -O0 -ffunction-sections -fdata-sections -Wall -fstack-usage -fcyclomatic-complexity -MMD -MP -MF"Src/sysmem.d" -MT"Src/sysmem.o" --specs=nano.specs -mfloat-abi=soft -mthumb -o "Src/sysmem.o"
arm-none-eabi-gcc -o "stm32f4xx_drivers.elf" @"objects.list"   -mcpu=cortex-m4 -T"D:\MCU1_Driver_Development\00 GIT HUB RENASANTO REPO\Udemy-Embedded-Course3_Mastering-Microcontroller-and-Embedded-Driver-Development-MCU1-main\Target_Workspace\stm32f4xx_drivers\STM32F446RETX_FLASH.ld" --specs=nosys.specs -Wl,-Map="stm32f4xx_drivers.map" -Wl,--gc-sections -static --specs=nano.specs -mfloat-abi=soft -mthumb -Wl,--start-group -lc -lm -Wl,--end-group
C:/ST/STM32CubeIDE_1.18.1/STM32CubeIDE/plugins/com.st.stm32cube.ide.mcu.externaltools.gnu-tools-for-stm32.13.3.rel1.win32_1.0.0.202411081344/tools/bin/../lib/gcc/arm-none-eabi/13.3.1/../../../../arm-none-eabi/bin/ld.exe: warning: stm32f4xx_drivers.elf has a LOAD segment with RWX permissions
Finished building target: stm32f4xx_drivers.elf
 
arm-none-eabi-size  stm32f4xx_drivers.elf 
arm-none-eabi-objdump -h -S stm32f4xx_drivers.elf  > "stm32f4xx_drivers.list"
   text	   data	    bss	    dec	    hex	filename
   2084	      8	   1568	   3660	    e4c	stm32f4xx_drivers.elf
Finished building: default.size.stdout
 
Finished building: stm32f4xx_drivers.list
 
23:41:29 **** Incremental Build of configuration Debug for project stm32f4xx_drivers ****
make -j16 all 
arm-none-eabi-size  stm32f4xx_drivers.elf 
   text	   data	    bss	    dec	    hex	filename
   2084	      8	   1568	   3660	    e4c	stm32f4xx_drivers.elf
Finished building: default.size.stdout
 
23:41:44 **** Incremental Build of configuration Debug for project stm32f4xx_drivers ****
make -j16 all 
arm-none-eabi-size  stm32f4xx_drivers.elf 
   text	   data	    bss	    dec	    hex	filename
   2084	      8	   1568	   3660	    e4c	stm32f4xx_drivers.elf
Finished building: default.size.stdout
 
23:43:27 **** Incremental Build of configuration Debug for project STM32F4XX_DRIVERS_TEST ****
make -j16 all 
arm-none-eabi-gcc "../Src/001_Led_Toggle.c" -mcpu=cortex-m4 -std=gnu11 -g3 -DDEBUG -DSTM32 -DSTM32F4 -DSTM32F446RETx -DNUCLEO_F446RE -c -I../Inc -I"D:/MCU1_Driver_Development/STM32F4XX_DRIVERS_TEST/DRIVERS/INC" -O0 -ffunction-sections -fdata-sections -Wall -fstack-usage -fcyclomatic-complexity -MMD -MP -MF"Src/001_Led_Toggle.d" -MT"Src/001_Led_Toggle.o" --specs=nano.specs -mfloat-abi=soft -mthumb -o "Src/001_Led_Toggle.o"
../Src/001_Led_Toggle.c: In function 'main':
../Src/001_Led_Toggle.c:76:50: error: 'GPIO_PIN_NO_PUPD' undeclared (first use in this function); did you mean 'GPIO_PIN_NO_10'?
   76 |     GpioLed.GPIO_PinConfig.GPIO_PinPuPdControl = GPIO_PIN_NO_PUPD;
      |                                                  ^~~~~~~~~~~~~~~~
      |                                                  GPIO_PIN_NO_10
../Src/001_Led_Toggle.c:76:50: note: each undeclared identifier is reported only once for each function it appears in
make: *** [Src/subdir.mk:25: Src/001_Led_Toggle.o] Error 1
"make -j16 all" terminated with exit code 2. Build might be incomplete.
23:44:19 **** Incremental Build of configuration Debug for project STM32F4XX_DRIVERS_TEST ****
make -j16 all 
arm-none-eabi-gcc "../Src/001_Led_Toggle.c" -mcpu=cortex-m4 -std=gnu11 -g3 -DDEBUG -DSTM32 -DSTM32F4 -DSTM32F446RETx -DNUCLEO_F446RE -c -I../Inc -I"D:/MCU1_Driver_Development/STM32F4XX_DRIVERS_TEST/DRIVERS/INC" -O0 -ffunction-sections -fdata-sections -Wall -fstack-usage -fcyclomatic-complexity -MMD -MP -MF"Src/001_Led_Toggle.d" -MT"Src/001_Led_Toggle.o" --specs=nano.specs -mfloat-abi=soft -mthumb -o "Src/001_Led_Toggle.o"
arm-none-eabi-gcc -o "STM32F4XX_DRIVERS_TEST.elf" @"objects.list"   -mcpu=cortex-m4 -T"D:\MCU1_Driver_Development\STM32F4XX_DRIVERS_TEST\STM32F446RETX_FLASH.ld" --specs=nosys.specs -Wl,-Map="STM32F4XX_DRIVERS_TEST.map" -Wl,--gc-sections -static --specs=nano.specs -mfloat-abi=soft -mthumb -Wl,--start-group -lc -lm -Wl,--end-group
Finished building target: STM32F4XX_DRIVERS_TEST.elf
 
arm-none-eabi-size  STM32F4XX_DRIVERS_TEST.elf 
arm-none-eabi-objdump -h -S STM32F4XX_DRIVERS_TEST.elf  > "STM32F4XX_DRIVERS_TEST.list"
   text	   data	    bss	    dec	    hex	filename
   1664	      0	   1568	   3232	    ca0	STM32F4XX_DRIVERS_TEST.elf
Finished building: default.size.stdout
 
Finished building: STM32F4XX_DRIVERS_TEST.list
 
