23:44:19 **** Incremental Build of configuration Debug for project STM32F4XX_DRIVERS_TEST ****
make -j16 all 
arm-none-eabi-gcc "../Src/001_Led_Toggle.c" -mcpu=cortex-m4 -std=gnu11 -g3 -DDEBUG -DSTM32 -DSTM32F4 -DSTM32F446RETx -DNUCLEO_F446RE -c -I../Inc -I"D:/MCU1_Driver_Development/STM32F4XX_DRIVERS_TEST/DRIVERS/INC" -O0 -ffunction-sections -fdata-sections -Wall -fstack-usage -fcyclomatic-complexity -MMD -MP -MF"Src/001_Led_Toggle.d" -MT"Src/001_Led_Toggle.o" --specs=nano.specs -mfloat-abi=soft -mthumb -o "Src/001_Led_Toggle.o"
arm-none-eabi-gcc -o "STM32F4XX_DRIVERS_TEST.elf" @"objects.list"   -mcpu=cortex-m4 -T"D:\MCU1_Driver_Development\STM32F4XX_DRIVERS_TEST\STM32F446RETX_FLASH.ld" --specs=nosys.specs -Wl,-Map="STM32F4XX_DRIVERS_TEST.map" -Wl,--gc-sections -static --specs=nano.specs -mfloat-abi=soft -mthumb -Wl,--start-group -lc -lm -Wl,--end-group
Finished building target: STM32F4XX_DRIVERS_TEST.elf
 
arm-none-eabi-size  STM32F4XX_DRIVERS_TEST.elf 
arm-none-eabi-objdump -h -S STM32F4XX_DRIVERS_TEST.elf  > "STM32F4XX_DRIVERS_TEST.list"
   text	   data	    bss	    dec	    hex	filename
   1664	      0	   1568	   3232	    ca0	STM32F4XX_DRIVERS_TEST.elf
Finished building: default.size.stdout
 
Finished building: STM32F4XX_DRIVERS_TEST.list
 

23:44:20 Build Finished. 0 errors, 0 warnings. (took 881ms)

