20:19:26 **** Incremental Build of configuration Debug for project 04_HSI_Measurement ****
make -j16 all 
arm-none-eabi-gcc "../Src/main.c" -mcpu=cortex-m4 -std=gnu11 -g3 -DDEBUG -DSTM32 -DSTM32F4 -DSTM32F446RETx -DNUCLEO_F446RE -c -I../Inc -O0 -ffunction-sections -fdata-sections -Wall -fstack-usage -fcyclomatic-complexity -MMD -MP -MF"Src/main.d" -MT"Src/main.o" --specs=nano.specs -mfloat-abi=soft -mthumb -o "Src/main.o"
arm-none-eabi-gcc -o "04_HSI_Measurement.elf" @"objects.list"   -mcpu=cortex-m4 -T"D:\MCU1_Driver_Development\4 HSI Measurement\STM32F446RETX_FLASH.ld" --specs=nosys.specs -Wl,-Map="04_HSI_Measurement.map" -Wl,--gc-sections -static --specs=nano.specs -mfloat-abi=soft -mthumb -Wl,--start-group -lc -lm -Wl,--end-group
Finished building target: 04_HSI_Measurement.elf
 
arm-none-eabi-size  04_HSI_Measurement.elf 
arm-none-eabi-objdump -h -S 04_HSI_Measurement.elf  > "04_HSI_Measurement.list"
   text	   data	    bss	    dec	    hex	filename
    808	      0	   1568	   2376	    948	04_HSI_Measurement.elf
Finished building: default.size.stdout
 
Finished building: 04_HSI_Measurement.list
 

20:19:26 Build Finished. 0 errors, 0 warnings. (took 715ms)

